GPU: 679 MiB used / 16303 MiB total, 15325 MiB free, 13% util
job: configs\shakeout_aug16\qm9_cond.yaml  [elj|250|10|512|6|1|0|2000|cuda]
projected need: 8355 MiB -- measured peak 7266 MiB for this exact config
room check: skipped: sole tenant and the projection is a declared CAP, not a measurement
  note    compute process not readable by this user: 25308, [Insufficient Permissions]
GPU preflight: CLEAR TO LAUNCH
config invariants:
  BASELINE exit_bar_is_within_measured_range: stage 'var_conditioning' exit term 0 (fwd/logw_std_within) requires < 6, below the measured minimum 17.1 (qm9anchor_aug14, 6 arms, 4,348 ticks in var_conditioning, read 2026-08-16). No run in that battery came near it, so on that evidence the condition does not fire and any stage behind it is never entered. Three things this can mean: the bar wants raising, the exit block is vestigial and wants deleting (a stage terminal by design should not carry a gate that reads as live), or the run intends to reach a regime the measurement never saw.
resolve_derived_config (W=512, T=10): lr_policy=0.000125, lr_replay=0.000125, lr_back=0.000125, lr_fused=0.000125, gradient_norm_clip=37.88
grad_clip_guard: ON (guard mode) | p 0.99 (target fire rate 0.01) | eta 0.01 | warmup 100/branch (static) | cap 100x baseline | refresh_on_stage True | fallback bar 37.88
NOTE: no stage declares lr_sensor kind 'ray', so the ray_calibration block is inert (parameters only). It still supplies alphas/n_sub/period to any stage that opts in.
vram [baseline                    ] live        0 MiB | reserved        0 MiB | cached        0 MiB | peak reserved        0 MiB
vram [energy fn (MLIP loaded)     ] live        0 MiB | reserved        0 MiB | cached        0 MiB | peak reserved        0 MiB
Loading model weights only from checkpoint C:\Users\mikem\Projects\mxt_gfn\gfn_diffusion\energy_sampling\checkpoints/WARM_qm9_mle3k.pt - optimizers, buffers, and training state start fresh
lr_ctrl v8: calibration off | target alpha* 4.0 | eta up/down 0.25/0.5 | managed lr_back,lr_fused,lr_policy,lr_replay
vram [gfn model                   ] live       74 MiB | reserved      176 MiB | cached      102 MiB | peak reserved      176 MiB
vram [mol_dataset                 ] live       82 MiB | reserved      202 MiB | cached      120 MiB | peak reserved      202 MiB
Re-analyzing prior energies
dead-row probe: latent_to_cell_params confirms rows () are ignored for SG2 (n=8)
vram [prior_dataset (MLIP scan)   ] live       91 MiB | reserved     1382 MiB | cached     1291 MiB | peak reserved     7320 MiB
Seeded prior_buffer with 4880 prior-dataset samples (fresh loss records)
vram [buffers seeded              ] live      116 MiB | reserved     2648 MiB | cached     2532 MiB | peak reserved     7320 MiB
vram [READY TO TRAIN              ] live      116 MiB | reserved     2648 MiB | cached     2532 MiB | peak reserved     7320 MiB
vram: cuda_memory_fraction 0.9 x 16303 MiB = 14672 MiB hard cap; 12024 MiB of it left for training allocations
