GPU: 830 MiB used / 16303 MiB total, 15174 MiB free, 0% util
job: configs\shakeout_aug16\qm9_cond.yaml  [elj|500|10|512|6|1|0|2000|cuda]
projected need: 16815 MiB -- measured peak 14622 MiB for this exact config
room check: skipped: sole tenant and the projection is a declared CAP, not a measurement
  note    compute process not readable by this user: 25308, [Insufficient Permissions]
GPU preflight: CLEAR TO LAUNCH
config invariants:
  BASELINE conditional_z_settings_are_conditional: condition_log_z.half_life_visits=7 on a CONDITIONAL route; every battery that ran used 28 (qm9_aug11 / qm9_anchor_aug13 / qm9anchor_aug14, every conditional battery that ran). The canonical 7 is reasoned for a ONE-condition run, where 7 visits == 7 steps; across a large library a condition is revisited far more sparsely.
  BASELINE exit_bar_is_within_measured_range: stage 'var_conditioning' exit term 0 (fwd/logw_std_within) requires < 6, below the measured minimum 17.1 (qm9anchor_aug14, 6 arms, 4,348 ticks in var_conditioning, read 2026-08-16). No run in that battery came near it, so on that evidence the condition does not fire and any stage behind it is never entered. Three things this can mean: the bar wants raising, the exit block is vestigial and wants deleting (a stage terminal by design should not carry a gate that reads as live), or the run intends to reach a regime the measurement never saw.
resolve_derived_config (W=512, T=10): lr_policy=0.000125, lr_replay=0.000125, lr_back=0.000125, lr_fused=0.000125, gradient_norm_clip=37.88
grad_clip_guard: ON (guard mode) | p 0.99 (target fire rate 0.01) | eta 0.01 | warmup 100/branch (static) | cap 100x baseline | refresh_on_stage True | fallback bar 37.88
NOTE: no stage declares lr_sensor kind 'ray', so the ray_calibration block is inert (parameters only). It still supplies alphas/n_sub/period to any stage that opts in.
vram [baseline                    ] live        0 MiB | reserved        0 MiB | cached        0 MiB | peak reserved        0 MiB
vram [energy fn (MLIP loaded)     ] live        0 MiB | reserved        0 MiB | cached        0 MiB | peak reserved        0 MiB
Loading model weights only from checkpoint C:\Users\mikem\Projects\mxt_gfn\gfn_diffusion\energy_sampling\checkpoints/WARM_qm9_mle3k.pt - optimizers, buffers, and training state start fresh
lr_ctrl v8: calibration off | target alpha* 4.0 | eta up/down 0.25/0.5 | managed lr_back,lr_fused,lr_policy,lr_replay
vram [gfn model                   ] live       74 MiB | reserved      176 MiB | cached      102 MiB | peak reserved      176 MiB
vram [mol_dataset                 ] live       82 MiB | reserved      202 MiB | cached      120 MiB | peak reserved      202 MiB
Re-analyzing prior energies
dead-row probe: latent_to_cell_params confirms rows () are ignored for SG2 (n=8)
vram [prior_dataset (MLIP scan)   ] live       91 MiB | reserved     1382 MiB | cached     1291 MiB | peak reserved     7320 MiB
Seeded prior_buffer with 4880 prior-dataset samples (fresh loss records)
vram [buffers seeded              ] live      116 MiB | reserved     2648 MiB | cached     2532 MiB | peak reserved     7320 MiB
vram [READY TO TRAIN              ] live      116 MiB | reserved     2648 MiB | cached     2532 MiB | peak reserved     7320 MiB
vram: cuda_memory_fraction 0.9 x 16303 MiB = 14672 MiB hard cap; 12024 MiB of it left for training allocations
WARNING [stage 'train_prior']: no mode trains the flow (Z) head -- every branch is freeze_z, or its TB reads a detached persistent target with no emp_z/emp_z_persistent/z_level sidecar. log_Z will not move for this stage.
grad_clip_guard: calibrated -- bar 23.89 (lognormal p0.99 seed, geo-mean 17.02)
protocol: stage 'train_prior' -> 'var_conditioning'
lr_ctrl v8: calibration off | target alpha* 4.0 | eta up/down 0.25/0.5 | managed lr_back,lr_fused,lr_policy,lr_replay
protocol: optimizers rebuilt, LR re-warming over 1000 train steps
grad_clip_guard: refresh (stage train_prior -> var_conditioning) -- recalibrating over 100 steps/branch, holding [bwd=24.27]
rebuild_prior_by_churn: prior_buffer 4880 -> 62500 rows (target 62500, 15 churn cycles, 187500 rows of headroom left for churn)
protocol: lr_flow -> 0.0001 on entering 'var_conditioning'
protocol: stage 'var_conditioning' engaged (fwd 0.500 / bwd 0.5000 / replay 0.000, train_mode fused, bwd_sampling prior)
prior_buffer gate-staleness purge capped at 6250 of 13606 stale rows (62500 resident): Emin(c) is moving faster than expire_max_frac 0.1 allows -- the remainder expires over subsequent calls
replay buffer: management OFF under stage 'var_conditioning' -- nothing in it trains replay, draws from it, or probes it (replay_in_play)
lr_ctrl: hypergradient sensor live (beta 0.05) -- first reading cos +0.202, peak_scale 1 -> 1.01
prior_buffer gate-staleness purge capped at 5758 of 6827 stale rows (57585 resident): Emin(c) is moving faster than expire_max_frac 0.1 allows -- the remainder expires over subsequent calls
grad_clip_guard: calibrated -- bar 149.5 (lognormal p0.99 seed, geo-mean 62.91)
Non-finite gradient at 902
Non-finite gradient at 904
Non-finite gradient at 906
Non-finite gradient at 908
Non-finite gradient at 910
Non-finite gradient at 912
Non-finite gradient at 914
Non-finite gradient at 916
Non-finite gradient at 918
Non-finite gradient at 920
Non-finite gradient at 922
Non-finite gradient at 924
Non-finite gradient at 926
Non-finite gradient at 928
Non-finite gradient at 930
Non-finite gradient at 932
Non-finite gradient at 934
Non-finite gradient at 936
Non-finite gradient at 938
Non-finite gradient at 940
Non-finite gradient at 942
Non-finite gradient at 944
Non-finite gradient at 946
Non-finite gradient at 948
Non-finite gradient at 950
Non-finite gradient at 952
Non-finite gradient at 954
Non-finite gradient at 956
Non-finite gradient at 958
Non-finite gradient at 960
Non-finite gradient at 962
Non-finite gradient at 964
Non-finite gradient at 966
Non-finite gradient at 968
Non-finite gradient at 970
Non-finite gradient at 972
Non-finite gradient at 974
Non-finite gradient at 976
Non-finite gradient at 978
Non-finite gradient at 980
Non-finite gradient at 982
Non-finite gradient at 984
Non-finite gradient at 986
Non-finite gradient at 988
Non-finite gradient at 990
Non-finite gradient at 992
Non-finite gradient at 994
Non-finite gradient at 996
Non-finite gradient at 998
Non-finite gradient at 1000
Non-finite gradient at 1002
Non-finite gradient at 1004
Non-finite gradient at 1006
Non-finite gradient at 1008
Non-finite gradient at 1010
Non-finite gradient at 1012
Non-finite gradient at 1014
Non-finite gradient at 1016
Non-finite gradient at 1018
Non-finite gradient at 1020
Non-finite gradient at 1022
Non-finite gradient at 1024
Non-finite gradient at 1026
Non-finite gradient at 1028
Non-finite gradient at 1030
Non-finite gradient at 1032
Non-finite gradient at 1034
Non-finite gradient at 1036
Non-finite gradient at 1038
Non-finite gradient at 1040
Non-finite gradient at 1042
Non-finite gradient at 1044
Non-finite gradient at 1046
Non-finite gradient at 1048
Non-finite gradient at 1050
Non-finite gradient at 1052
Non-finite gradient at 1054
Non-finite gradient at 1056
Non-finite gradient at 1058
Non-finite gradient at 1060
Non-finite gradient at 1062
Non-finite gradient at 1064
Non-finite gradient at 1066
Non-finite gradient at 1068
Non-finite gradient at 1070
Non-finite gradient at 1072
Non-finite gradient at 1074
Non-finite gradient at 1076
Non-finite gradient at 1078
Non-finite gradient at 1080
Non-finite gradient at 1082
Non-finite gradient at 1084
Non-finite gradient at 1086
Non-finite gradient at 1088
Non-finite gradient at 1090
Non-finite gradient at 1092
Non-finite gradient at 1094
Non-finite gradient at 1096
Non-finite gradient at 1098
Non-finite gradient at 1100
Non-finite gradient at 1102
Non-finite gradient at 1104
Non-finite gradient at 1106
Non-finite gradient at 1108
Non-finite gradient at 1110
Non-finite gradient at 1112
Non-finite gradient at 1114
Non-finite gradient at 1116
Non-finite gradient at 1118
Non-finite gradient at 1120
Non-finite gradient at 1122
Non-finite gradient at 1124
Non-finite gradient at 1126
Non-finite gradient at 1128
Non-finite gradient at 1130
Non-finite gradient at 1132
Non-finite gradient at 1134
Non-finite gradient at 1136
Non-finite gradient at 1138
Non-finite gradient at 1140
Non-finite gradient at 1142
Non-finite gradient at 1144
Non-finite gradient at 1146
Non-finite gradient at 1148
Non-finite gradient at 1150
Non-finite gradient at 1152
Non-finite gradient at 1154
Non-finite gradient at 1156
Non-finite gradient at 1158
Non-finite gradient at 1160
Non-finite gradient at 1162
Non-finite gradient at 1164
Non-finite gradient at 1166
Non-finite gradient at 1168
Non-finite gradient at 1170
Non-finite gradient at 1172
Non-finite gradient at 1174
Non-finite gradient at 1176
Non-finite gradient at 1178
Non-finite gradient at 1180
Non-finite gradient at 1182
Non-finite gradient at 1184
Non-finite gradient at 1186
Non-finite gradient at 1188
Non-finite gradient at 1190
Non-finite gradient at 1192
Non-finite gradient at 1194
Non-finite gradient at 1196
Non-finite gradient at 1198
Non-finite gradient at 1200
Non-finite gradient at 1202
Non-finite gradient at 1204
Non-finite gradient at 1206
Non-finite gradient at 1208
Non-finite gradient at 1210
Non-finite gradient at 1212
Non-finite gradient at 1214
Non-finite gradient at 1216
Non-finite gradient at 1218
Non-finite gradient at 1220
Non-finite gradient at 1222
Non-finite gradient at 1224
Non-finite gradient at 1226
Non-finite gradient at 1228
Non-finite gradient at 1230
Non-finite gradient at 1232
Non-finite gradient at 1234
Non-finite gradient at 1236
Non-finite gradient at 1238
Non-finite gradient at 1240
Non-finite gradient at 1242
Non-finite gradient at 1244
Non-finite gradient at 1246
Non-finite gradient at 1248
Non-finite gradient at 1250
Non-finite gradient at 1252
Non-finite gradient at 1254
Non-finite gradient at 1256
Non-finite gradient at 1258
Non-finite gradient at 1260
Non-finite gradient at 1262
Non-finite gradient at 1264
Non-finite gradient at 1266
Non-finite gradient at 1268
Non-finite gradient at 1270
Non-finite gradient at 1272
Non-finite gradient at 1274
Non-finite gradient at 1276
Non-finite gradient at 1278
Non-finite gradient at 1280
Non-finite gradient at 1282
Non-finite gradient at 1284
Non-finite gradient at 1286
Non-finite gradient at 1288
Non-finite gradient at 1290
Non-finite gradient at 1292
Non-finite gradient at 1294
Non-finite gradient at 1296
Non-finite gradient at 1298
Non-finite gradient at 1300
Non-finite gradient at 1302
Non-finite gradient at 1304
Non-finite gradient at 1306
Non-finite gradient at 1308
Non-finite gradient at 1310
Non-finite gradient at 1312
Non-finite gradient at 1314
Non-finite gradient at 1316
Non-finite gradient at 1318
Non-finite gradient at 1320
Non-finite gradient at 1322
Non-finite gradient at 1324
Non-finite gradient at 1326
Non-finite gradient at 1328
Non-finite gradient at 1330
Non-finite gradient at 1332
Non-finite gradient at 1334
Non-finite gradient at 1336
Non-finite gradient at 1338
Non-finite gradient at 1340
Non-finite gradient at 1342
Non-finite gradient at 1344
Non-finite gradient at 1346
Non-finite gradient at 1348
Non-finite gradient at 1350
Non-finite gradient at 1352
Non-finite gradient at 1354
Non-finite gradient at 1356
Non-finite gradient at 1358
Non-finite gradient at 1360
Non-finite gradient at 1362
Non-finite gradient at 1364
Non-finite gradient at 1366
Non-finite gradient at 1368
Non-finite gradient at 1370
Non-finite gradient at 1372
Non-finite gradient at 1374
Non-finite gradient at 1376
Non-finite gradient at 1378
Non-finite gradient at 1380
Non-finite gradient at 1382
Non-finite gradient at 1384
Non-finite gradient at 1386
Non-finite gradient at 1388
Non-finite gradient at 1390
Non-finite gradient at 1392
Non-finite gradient at 1394
Non-finite gradient at 1396
Non-finite gradient at 1398
Non-finite gradient at 1400
Non-finite gradient at 1402
Non-finite gradient at 1404
Non-finite gradient at 1406
Non-finite gradient at 1408
Non-finite gradient at 1410
Non-finite gradient at 1412
Non-finite gradient at 1414
Non-finite gradient at 1416
Non-finite gradient at 1418
Non-finite gradient at 1420
Non-finite gradient at 1422
Non-finite gradient at 1424
Non-finite gradient at 1426
Non-finite gradient at 1428
Non-finite gradient at 1430
Non-finite gradient at 1432
Non-finite gradient at 1434
Non-finite gradient at 1436
Non-finite gradient at 1438
Non-finite gradient at 1440
Non-finite gradient at 1442
Non-finite gradient at 1444
Non-finite gradient at 1446
Non-finite gradient at 1448
Non-finite gradient at 1450
Non-finite gradient at 1452
Non-finite gradient at 1454
Non-finite gradient at 1456
Non-finite gradient at 1458
Non-finite gradient at 1460
Non-finite gradient at 1462
Non-finite gradient at 1464
Non-finite gradient at 1466
Non-finite gradient at 1468
Non-finite gradient at 1470
Non-finite gradient at 1472
Non-finite gradient at 1474
Non-finite gradient at 1476
Non-finite gradient at 1478
Non-finite gradient at 1480
Non-finite gradient at 1482
Non-finite gradient at 1484
Non-finite gradient at 1486
Non-finite gradient at 1488
Non-finite gradient at 1490
Non-finite gradient at 1492
Non-finite gradient at 1494
Non-finite gradient at 1496
Non-finite gradient at 1498
Non-finite gradient at 1500
Non-finite gradient at 1502
Non-finite gradient at 1504
Non-finite gradient at 1506
Non-finite gradient at 1508
Non-finite gradient at 1510
Non-finite gradient at 1512
Non-finite gradient at 1514
Non-finite gradient at 1516
Non-finite gradient at 1518
Non-finite gradient at 1520
Non-finite gradient at 1522
Non-finite gradient at 1524
Non-finite gradient at 1526
Non-finite gradient at 1528
Non-finite gradient at 1530
Non-finite gradient at 1532
Non-finite gradient at 1534
Non-finite gradient at 1536
Non-finite gradient at 1538
Non-finite gradient at 1540
Non-finite gradient at 1542
Non-finite gradient at 1544
Non-finite gradient at 1546
Non-finite gradient at 1548
Non-finite gradient at 1550
Non-finite gradient at 1552
Non-finite gradient at 1554
Non-finite gradient at 1556
Non-finite gradient at 1558
Non-finite gradient at 1560
Non-finite gradient at 1562
Non-finite gradient at 1564
Non-finite gradient at 1566
Non-finite gradient at 1568
Non-finite gradient at 1570
Non-finite gradient at 1572
Non-finite gradient at 1574
Non-finite gradient at 1576
Non-finite gradient at 1578
Non-finite gradient at 1580
Non-finite gradient at 1582
Non-finite gradient at 1584
Non-finite gradient at 1586
Non-finite gradient at 1588
Non-finite gradient at 1590
Non-finite gradient at 1592
Non-finite gradient at 1594
Non-finite gradient at 1596
Non-finite gradient at 1598
Non-finite gradient at 1600
Non-finite gradient at 1602
Non-finite gradient at 1604
Non-finite gradient at 1606
Non-finite gradient at 1608
Non-finite gradient at 1610
Non-finite gradient at 1612
Non-finite gradient at 1614
Non-finite gradient at 1616
Non-finite gradient at 1618
Non-finite gradient at 1620
Non-finite gradient at 1622
Non-finite gradient at 1624
Non-finite gradient at 1626
Non-finite gradient at 1628
Non-finite gradient at 1630
Non-finite gradient at 1632
Non-finite gradient at 1634
Non-finite gradient at 1636
Non-finite gradient at 1638
Non-finite gradient at 1640
Non-finite gradient at 1642
Non-finite gradient at 1644
Non-finite gradient at 1646
Non-finite gradient at 1648
Non-finite gradient at 1650
Non-finite gradient at 1652
Non-finite gradient at 1654
Non-finite gradient at 1656
Non-finite gradient at 1658
Non-finite gradient at 1660
Non-finite gradient at 1662
Non-finite gradient at 1664
Non-finite gradient at 1666
Non-finite gradient at 1668
Non-finite gradient at 1670
Non-finite gradient at 1672
Non-finite gradient at 1674
Non-finite gradient at 1676
Non-finite gradient at 1678
Non-finite gradient at 1680
Non-finite gradient at 1682
Non-finite gradient at 1684
Non-finite gradient at 1686
Non-finite gradient at 1688
Non-finite gradient at 1690
Non-finite gradient at 1692
Non-finite gradient at 1694
Non-finite gradient at 1696
Non-finite gradient at 1698
Non-finite gradient at 1700
Non-finite gradient at 1702
Non-finite gradient at 1704
Non-finite gradient at 1706
Non-finite gradient at 1708
Non-finite gradient at 1710
Non-finite gradient at 1712
Non-finite gradient at 1714
Non-finite gradient at 1716
Non-finite gradient at 1718
Non-finite gradient at 1720
Non-finite gradient at 1722
Non-finite gradient at 1724
Non-finite gradient at 1726
Non-finite gradient at 1728
Non-finite gradient at 1730
Non-finite gradient at 1732
Non-finite gradient at 1734
Non-finite gradient at 1736
Non-finite gradient at 1738
Non-finite gradient at 1740
Non-finite gradient at 1742
Non-finite gradient at 1744
Non-finite gradient at 1746
Non-finite gradient at 1748
Non-finite gradient at 1750
Non-finite gradient at 1752
Non-finite gradient at 1754
Non-finite gradient at 1756
Non-finite gradient at 1758
Non-finite gradient at 1760
Non-finite gradient at 1762
Non-finite gradient at 1764
Non-finite gradient at 1766
Non-finite gradient at 1768
Non-finite gradient at 1770
Non-finite gradient at 1772
Non-finite gradient at 1774
Non-finite gradient at 1776
Non-finite gradient at 1778
Non-finite gradient at 1780
Non-finite gradient at 1782
Non-finite gradient at 1784
Non-finite gradient at 1786
Non-finite gradient at 1788
Non-finite gradient at 1790
Non-finite gradient at 1792
Non-finite gradient at 1794
Non-finite gradient at 1796
Non-finite gradient at 1798
Non-finite gradient at 1800
Non-finite gradient at 1802
Non-finite gradient at 1804
Non-finite gradient at 1806
Non-finite gradient at 1808
Non-finite gradient at 1810
Non-finite gradient at 1812
Non-finite gradient at 1814
Non-finite gradient at 1816
Non-finite gradient at 1818
Non-finite gradient at 1820
Non-finite gradient at 1822
Non-finite gradient at 1824
Non-finite gradient at 1826
Non-finite gradient at 1828
Non-finite gradient at 1830
Non-finite gradient at 1832
Non-finite gradient at 1834
Non-finite gradient at 1836
Non-finite gradient at 1838
Non-finite gradient at 1840
Non-finite gradient at 1842
Non-finite gradient at 1844
Non-finite gradient at 1846
Non-finite gradient at 1848
Non-finite gradient at 1850
Non-finite gradient at 1852
Non-finite gradient at 1854
Non-finite gradient at 1856
Non-finite gradient at 1858
Non-finite gradient at 1860
Non-finite gradient at 1862
Non-finite gradient at 1864
Non-finite gradient at 1866
Non-finite gradient at 1868
Non-finite gradient at 1870
Non-finite gradient at 1872
Non-finite gradient at 1874
Non-finite gradient at 1876
Non-finite gradient at 1878
Non-finite gradient at 1880
Non-finite gradient at 1882
Non-finite gradient at 1884
Non-finite gradient at 1886
Non-finite gradient at 1888
Non-finite gradient at 1890
Non-finite gradient at 1892
Non-finite gradient at 1894
Non-finite gradient at 1896
Non-finite gradient at 1898
Non-finite gradient at 1900
Non-finite gradient at 1902
Non-finite gradient at 1904
Non-finite gradient at 1906
Non-finite gradient at 1908
Non-finite gradient at 1910
Non-finite gradient at 1912
Non-finite gradient at 1914
Non-finite gradient at 1916
Non-finite gradient at 1918
Non-finite gradient at 1920
Non-finite gradient at 1922
Non-finite gradient at 1924
Non-finite gradient at 1926
Non-finite gradient at 1928
Non-finite gradient at 1930
Non-finite gradient at 1932
Non-finite gradient at 1934
Non-finite gradient at 1936
Non-finite gradient at 1938
Non-finite gradient at 1940
Non-finite gradient at 1942
Non-finite gradient at 1944
Non-finite gradient at 1946
Non-finite gradient at 1948
Non-finite gradient at 1950
Non-finite gradient at 1952
Non-finite gradient at 1954
Non-finite gradient at 1956
Non-finite gradient at 1958
Non-finite gradient at 1960
Non-finite gradient at 1962
Non-finite gradient at 1964
Non-finite gradient at 1966
Non-finite gradient at 1968
Non-finite gradient at 1970
Non-finite gradient at 1972
Non-finite gradient at 1974
Non-finite gradient at 1976
Non-finite gradient at 1978
Non-finite gradient at 1980
Non-finite gradient at 1982
Non-finite gradient at 1984
Non-finite gradient at 1986
Non-finite gradient at 1988
Non-finite gradient at 1990
Non-finite gradient at 1992
Non-finite gradient at 1994
Non-finite gradient at 1996
Non-finite gradient at 1998
Non-finite gradient at 2000
Non-finite gradient at 2002
Non-finite gradient at 2004
Non-finite gradient at 2006
Non-finite gradient at 2008
Non-finite gradient at 2010
Non-finite gradient at 2012
Non-finite gradient at 2014
Non-finite gradient at 2016
Non-finite gradient at 2018
Non-finite gradient at 2020
Non-finite gradient at 2022
Non-finite gradient at 2024
Non-finite gradient at 2026
Non-finite gradient at 2028
Non-finite gradient at 2030
Non-finite gradient at 2032
Non-finite gradient at 2034
Non-finite gradient at 2036
Non-finite gradient at 2038
Non-finite gradient at 2040
Non-finite gradient at 2042
Non-finite gradient at 2044
Non-finite gradient at 2046
Non-finite gradient at 2048
Non-finite gradient at 2050
Non-finite gradient at 2052
Non-finite gradient at 2054
Non-finite gradient at 2056
Non-finite gradient at 2058
Non-finite gradient at 2060
Non-finite gradient at 2062
Non-finite gradient at 2064
Non-finite gradient at 2066
Non-finite gradient at 2068
Non-finite gradient at 2070
Non-finite gradient at 2072
Non-finite gradient at 2074
Non-finite gradient at 2076
Non-finite gradient at 2078
Non-finite gradient at 2080
Non-finite gradient at 2082
Non-finite gradient at 2084
Non-finite gradient at 2086
Non-finite gradient at 2088
Non-finite gradient at 2090
Non-finite gradient at 2092
Non-finite gradient at 2094
Non-finite gradient at 2096
Non-finite gradient at 2098
Non-finite gradient at 2100
Non-finite gradient at 2102
Non-finite gradient at 2104
Non-finite gradient at 2106
Non-finite gradient at 2108
Non-finite gradient at 2110
Non-finite gradient at 2112
Non-finite gradient at 2114
Non-finite gradient at 2116
Non-finite gradient at 2118
Non-finite gradient at 2120
Non-finite gradient at 2122
Non-finite gradient at 2124
Non-finite gradient at 2126
Non-finite gradient at 2128
Non-finite gradient at 2130
Non-finite gradient at 2132
Non-finite gradient at 2134
Non-finite gradient at 2136
Non-finite gradient at 2138
Non-finite gradient at 2140
Non-finite gradient at 2142
Non-finite gradient at 2144
Non-finite gradient at 2146
Non-finite gradient at 2148
Non-finite gradient at 2150
Non-finite gradient at 2152
Non-finite gradient at 2154
Non-finite gradient at 2156
Non-finite gradient at 2158
Non-finite gradient at 2160
Non-finite gradient at 2162
Non-finite gradient at 2164
Non-finite gradient at 2166
Non-finite gradient at 2168
Non-finite gradient at 2170
Non-finite gradient at 2172
Non-finite gradient at 2174
Non-finite gradient at 2176
Non-finite gradient at 2178
Non-finite gradient at 2180
Non-finite gradient at 2182
Non-finite gradient at 2184
Non-finite gradient at 2186
Non-finite gradient at 2188
Non-finite gradient at 2190
Non-finite gradient at 2192
Non-finite gradient at 2194
Non-finite gradient at 2196
Non-finite gradient at 2198
Non-finite gradient at 2200
Non-finite gradient at 2202
Non-finite gradient at 2204
Non-finite gradient at 2206
Non-finite gradient at 2208
Non-finite gradient at 2210
Non-finite gradient at 2212
Non-finite gradient at 2214
Non-finite gradient at 2216
Non-finite gradient at 2218
Non-finite gradient at 2220
Non-finite gradient at 2222
Non-finite gradient at 2224
Non-finite gradient at 2226
Non-finite gradient at 2228
Non-finite gradient at 2230
Non-finite gradient at 2232
Non-finite gradient at 2234
Non-finite gradient at 2236
Non-finite gradient at 2238
Non-finite gradient at 2240
Non-finite gradient at 2242
Non-finite gradient at 2244
Non-finite gradient at 2246
Non-finite gradient at 2248
Non-finite gradient at 2250
Non-finite gradient at 2252
Non-finite gradient at 2254
Non-finite gradient at 2256
Non-finite gradient at 2258
Non-finite gradient at 2260
Non-finite gradient at 2262
Non-finite gradient at 2264
Non-finite gradient at 2266
Non-finite gradient at 2268
Non-finite gradient at 2270
Non-finite gradient at 2272
Non-finite gradient at 2274
Non-finite gradient at 2276
Non-finite gradient at 2278
Non-finite gradient at 2280
Non-finite gradient at 2282
Non-finite gradient at 2284
Non-finite gradient at 2286
Non-finite gradient at 2288
Non-finite gradient at 2290
Non-finite gradient at 2292
Non-finite gradient at 2294
Non-finite gradient at 2296
Non-finite gradient at 2298
Non-finite gradient at 2300
Non-finite gradient at 2302
Non-finite gradient at 2304
Non-finite gradient at 2306
Non-finite gradient at 2308
Non-finite gradient at 2310
Non-finite gradient at 2312
Non-finite gradient at 2314
Non-finite gradient at 2316
Non-finite gradient at 2318
Non-finite gradient at 2320
Non-finite gradient at 2322
Non-finite gradient at 2324
Non-finite gradient at 2326
Non-finite gradient at 2328
Non-finite gradient at 2330
Non-finite gradient at 2332
Non-finite gradient at 2334
Non-finite gradient at 2336
Non-finite gradient at 2338
Non-finite gradient at 2340
Non-finite gradient at 2342
Non-finite gradient at 2344
Non-finite gradient at 2346
Non-finite gradient at 2348
Non-finite gradient at 2350
Non-finite gradient at 2352
Non-finite gradient at 2354
Non-finite gradient at 2356
Non-finite gradient at 2358
Non-finite gradient at 2360
Non-finite gradient at 2362
Non-finite gradient at 2364
Non-finite gradient at 2366
Non-finite gradient at 2368
Non-finite gradient at 2370
Non-finite gradient at 2372
Non-finite gradient at 2374
Non-finite gradient at 2376
Non-finite gradient at 2378
Non-finite gradient at 2380
Non-finite gradient at 2382
Non-finite gradient at 2384
Non-finite gradient at 2386
Non-finite gradient at 2388
Non-finite gradient at 2390
Non-finite gradient at 2392
Non-finite gradient at 2394
Non-finite gradient at 2396
Non-finite gradient at 2398
Non-finite gradient at 2400
Non-finite gradient at 2402
Non-finite gradient at 2404
Non-finite gradient at 2406
Non-finite gradient at 2408
Non-finite gradient at 2410
Non-finite gradient at 2412
Non-finite gradient at 2414
Non-finite gradient at 2416
Non-finite gradient at 2418
Non-finite gradient at 2420
Non-finite gradient at 2422
Non-finite gradient at 2424
Non-finite gradient at 2426
Non-finite gradient at 2428
Non-finite gradient at 2430
Non-finite gradient at 2432
Non-finite gradient at 2434
Non-finite gradient at 2436
Non-finite gradient at 2438
Non-finite gradient at 2440
Non-finite gradient at 2442
Non-finite gradient at 2444
Non-finite gradient at 2446
Non-finite gradient at 2448
Non-finite gradient at 2450
Non-finite gradient at 2452
Non-finite gradient at 2454
Non-finite gradient at 2456
Non-finite gradient at 2458
Non-finite gradient at 2460
Non-finite gradient at 2462
Non-finite gradient at 2464
Non-finite gradient at 2466
Non-finite gradient at 2468
Non-finite gradient at 2470
Non-finite gradient at 2472
Non-finite gradient at 2474
Non-finite gradient at 2476
Non-finite gradient at 2478
Non-finite gradient at 2480
Non-finite gradient at 2482
Non-finite gradient at 2484
Non-finite gradient at 2486
Non-finite gradient at 2488
Non-finite gradient at 2490
Non-finite gradient at 2492
Non-finite gradient at 2494
Non-finite gradient at 2496
Non-finite gradient at 2498
Non-finite gradient at 2500
Non-finite gradient at 2502
Non-finite gradient at 2504
Non-finite gradient at 2506
Non-finite gradient at 2508
Non-finite gradient at 2510
Non-finite gradient at 2512
Non-finite gradient at 2514
Non-finite gradient at 2516
Non-finite gradient at 2518
Non-finite gradient at 2520
Non-finite gradient at 2522
Non-finite gradient at 2524
Non-finite gradient at 2526
Non-finite gradient at 2528
Non-finite gradient at 2530
Non-finite gradient at 2532
Non-finite gradient at 2534
Non-finite gradient at 2536
Non-finite gradient at 2538
Non-finite gradient at 2540
Non-finite gradient at 2542
Non-finite gradient at 2544
Non-finite gradient at 2546
Non-finite gradient at 2548
Non-finite gradient at 2550
Non-finite gradient at 2552
Non-finite gradient at 2554
Non-finite gradient at 2556
Non-finite gradient at 2558
Non-finite gradient at 2560
Non-finite gradient at 2562
Non-finite gradient at 2564
Non-finite gradient at 2566
Non-finite gradient at 2568
Non-finite gradient at 2570
Non-finite gradient at 2572
Non-finite gradient at 2574
Non-finite gradient at 2576
Non-finite gradient at 2578
Non-finite gradient at 2580
Non-finite gradient at 2582
Non-finite gradient at 2584
Non-finite gradient at 2586
Non-finite gradient at 2588
Non-finite gradient at 2590
Non-finite gradient at 2592
Non-finite gradient at 2594
Non-finite gradient at 2596
Non-finite gradient at 2598
Non-finite gradient at 2600
Non-finite gradient at 2602
Non-finite gradient at 2604
Non-finite gradient at 2606
Non-finite gradient at 2608
Non-finite gradient at 2610
Non-finite gradient at 2612
Non-finite gradient at 2614
Non-finite gradient at 2616
Non-finite gradient at 2618
Non-finite gradient at 2620
Non-finite gradient at 2622
Non-finite gradient at 2624
Non-finite gradient at 2626
Non-finite gradient at 2628
Non-finite gradient at 2630
Non-finite gradient at 2632
Non-finite gradient at 2634
Non-finite gradient at 2636
Non-finite gradient at 2638
Non-finite gradient at 2640
Non-finite gradient at 2642
Non-finite gradient at 2644
Non-finite gradient at 2646
Non-finite gradient at 2648
Non-finite gradient at 2650
Non-finite gradient at 2652
Non-finite gradient at 2654
Non-finite gradient at 2656
Non-finite gradient at 2658
Non-finite gradient at 2660
Non-finite gradient at 2662
Non-finite gradient at 2664
Non-finite gradient at 2666
Non-finite gradient at 2668
Non-finite gradient at 2670
Non-finite gradient at 2672
Non-finite gradient at 2674
Non-finite gradient at 2676
Non-finite gradient at 2678
Non-finite gradient at 2680
Non-finite gradient at 2682
Non-finite gradient at 2684
Non-finite gradient at 2686
Non-finite gradient at 2688
Non-finite gradient at 2690
Non-finite gradient at 2692
Non-finite gradient at 2694
Non-finite gradient at 2696
Non-finite gradient at 2698
Non-finite gradient at 2700
Non-finite gradient at 2702
Non-finite gradient at 2704
Non-finite gradient at 2706
Non-finite gradient at 2708
Non-finite gradient at 2710
Non-finite gradient at 2712
Non-finite gradient at 2714
Non-finite gradient at 2716
Non-finite gradient at 2718
Non-finite gradient at 2720
Non-finite gradient at 2722
Non-finite gradient at 2724
Non-finite gradient at 2726
Non-finite gradient at 2728
Non-finite gradient at 2730
Non-finite gradient at 2732
Non-finite gradient at 2734
Non-finite gradient at 2736
Non-finite gradient at 2738
Non-finite gradient at 2740
Non-finite gradient at 2742
Non-finite gradient at 2744
Non-finite gradient at 2746
Non-finite gradient at 2748
Non-finite gradient at 2750
Non-finite gradient at 2752
Non-finite gradient at 2754
Non-finite gradient at 2756
Non-finite gradient at 2758
Non-finite gradient at 2760
Non-finite gradient at 2762
Non-finite gradient at 2764
Non-finite gradient at 2766
Non-finite gradient at 2768
Non-finite gradient at 2770
Non-finite gradient at 2772
Non-finite gradient at 2774
Non-finite gradient at 2776
Non-finite gradient at 2778
Non-finite gradient at 2780
Non-finite gradient at 2782
Non-finite gradient at 2784
Non-finite gradient at 2786
Non-finite gradient at 2788
Non-finite gradient at 2790
Non-finite gradient at 2792
Non-finite gradient at 2794
Non-finite gradient at 2796
Non-finite gradient at 2798
Non-finite gradient at 2800
Non-finite gradient at 2802
Non-finite gradient at 2804
Non-finite gradient at 2806
Non-finite gradient at 2808
Non-finite gradient at 2810
Non-finite gradient at 2812
Non-finite gradient at 2814
Non-finite gradient at 2816
Non-finite gradient at 2818
Non-finite gradient at 2820
Non-finite gradient at 2822
Non-finite gradient at 2824
Non-finite gradient at 2826
Non-finite gradient at 2828
Non-finite gradient at 2830
Non-finite gradient at 2832
Non-finite gradient at 2834
Non-finite gradient at 2836
Non-finite gradient at 2838
Non-finite gradient at 2840
Non-finite gradient at 2842
Non-finite gradient at 2844
Non-finite gradient at 2846
Non-finite gradient at 2848
Non-finite gradient at 2850
Non-finite gradient at 2852
Non-finite gradient at 2854
Non-finite gradient at 2856
Non-finite gradient at 2858
Non-finite gradient at 2860
Non-finite gradient at 2862
Non-finite gradient at 2864
Non-finite gradient at 2866
Non-finite gradient at 2868
Non-finite gradient at 2870
Non-finite gradient at 2872
Non-finite gradient at 2874
Non-finite gradient at 2876
Non-finite gradient at 2878
Non-finite gradient at 2880
Non-finite gradient at 2882
Non-finite gradient at 2884
Non-finite gradient at 2886
Non-finite gradient at 2888
Non-finite gradient at 2890
Non-finite gradient at 2892
Non-finite gradient at 2894
Non-finite gradient at 2896
Non-finite gradient at 2898
Non-finite gradient at 2900
Non-finite gradient at 2902
Non-finite gradient at 2904
Non-finite gradient at 2906
Non-finite gradient at 2908
Non-finite gradient at 2910
Non-finite gradient at 2912
Non-finite gradient at 2914
Non-finite gradient at 2916
Non-finite gradient at 2918
Non-finite gradient at 2920
Non-finite gradient at 2922
Non-finite gradient at 2924
Non-finite gradient at 2926
Non-finite gradient at 2928
Non-finite gradient at 2930
Non-finite gradient at 2932
Non-finite gradient at 2934
Non-finite gradient at 2936
Non-finite gradient at 2938
Non-finite gradient at 2940
Non-finite gradient at 2942
Non-finite gradient at 2944
Non-finite gradient at 2946
Non-finite gradient at 2948
Non-finite gradient at 2950
Non-finite gradient at 2952
Non-finite gradient at 2954
Non-finite gradient at 2956
Non-finite gradient at 2958
Non-finite gradient at 2960
Non-finite gradient at 2962
Non-finite gradient at 2964
Non-finite gradient at 2966
Non-finite gradient at 2968
Non-finite gradient at 2970
Non-finite gradient at 2972
Non-finite gradient at 2974
Non-finite gradient at 2976
Non-finite gradient at 2978
Non-finite gradient at 2980
Non-finite gradient at 2982
Non-finite gradient at 2984
Non-finite gradient at 2986
Non-finite gradient at 2988
Non-finite gradient at 2990
Non-finite gradient at 2992
Non-finite gradient at 2994
Non-finite gradient at 2996
Non-finite gradient at 2998
Non-finite gradient at 3000
Non-finite gradient at 3002
Non-finite gradient at 3004
Non-finite gradient at 3006
Non-finite gradient at 3008
Non-finite gradient at 3010
Non-finite gradient at 3012
Non-finite gradient at 3014
Non-finite gradient at 3016
Non-finite gradient at 3018
Non-finite gradient at 3020
Non-finite gradient at 3022
Non-finite gradient at 3024
Non-finite gradient at 3026
Non-finite gradient at 3028
Non-finite gradient at 3030
Non-finite gradient at 3032
Non-finite gradient at 3034
Non-finite gradient at 3036
Non-finite gradient at 3038
Non-finite gradient at 3040
Non-finite gradient at 3042
Non-finite gradient at 3044
Non-finite gradient at 3046
Non-finite gradient at 3048
Non-finite gradient at 3050
Non-finite gradient at 3052
Non-finite gradient at 3054
Non-finite gradient at 3056
Non-finite gradient at 3058
Non-finite gradient at 3060
Non-finite gradient at 3062
Non-finite gradient at 3064
Non-finite gradient at 3066
Non-finite gradient at 3068
Non-finite gradient at 3070
Non-finite gradient at 3072
Non-finite gradient at 3074
Non-finite gradient at 3076
Non-finite gradient at 3078
Non-finite gradient at 3080
Non-finite gradient at 3082
Non-finite gradient at 3084
Non-finite gradient at 3086
Non-finite gradient at 3088
Non-finite gradient at 3090
Non-finite gradient at 3092
Non-finite gradient at 3094
Non-finite gradient at 3096
Non-finite gradient at 3098
Non-finite gradient at 3100
Non-finite gradient at 3102
Non-finite gradient at 3104
Non-finite gradient at 3106
Non-finite gradient at 3108
Non-finite gradient at 3110
Non-finite gradient at 3112
Non-finite gradient at 3114
Non-finite gradient at 3116
Non-finite gradient at 3118
Non-finite gradient at 3120
Non-finite gradient at 3122
Non-finite gradient at 3124
Non-finite gradient at 3126
Non-finite gradient at 3128
Non-finite gradient at 3130
Non-finite gradient at 3132
Non-finite gradient at 3134
Non-finite gradient at 3136
Non-finite gradient at 3138
Non-finite gradient at 3140
Non-finite gradient at 3142
Non-finite gradient at 3144
Non-finite gradient at 3146
Non-finite gradient at 3148
Non-finite gradient at 3150
Non-finite gradient at 3152
Non-finite gradient at 3154
Non-finite gradient at 3156
Non-finite gradient at 3158
Non-finite gradient at 3160
Non-finite gradient at 3162
Non-finite gradient at 3164
Non-finite gradient at 3166
Non-finite gradient at 3168
Non-finite gradient at 3170
Non-finite gradient at 3172
Non-finite gradient at 3174
Non-finite gradient at 3176
Non-finite gradient at 3178
Non-finite gradient at 3180
Non-finite gradient at 3182
Non-finite gradient at 3184
Non-finite gradient at 3186
Non-finite gradient at 3188
Non-finite gradient at 3190
Non-finite gradient at 3192
Non-finite gradient at 3194
Non-finite gradient at 3196
Non-finite gradient at 3198
Non-finite gradient at 3200
Non-finite gradient at 3202
Non-finite gradient at 3204
Non-finite gradient at 3206
Non-finite gradient at 3208
Non-finite gradient at 3210
Non-finite gradient at 3212
Non-finite gradient at 3214
Non-finite gradient at 3216
Non-finite gradient at 3218
Non-finite gradient at 3220
Non-finite gradient at 3222
Non-finite gradient at 3224
Non-finite gradient at 3226
Non-finite gradient at 3228
Non-finite gradient at 3230
Non-finite gradient at 3232
Non-finite gradient at 3234
Non-finite gradient at 3236
Non-finite gradient at 3238
Non-finite gradient at 3240
Non-finite gradient at 3242
Non-finite gradient at 3244
Non-finite gradient at 3246
Non-finite gradient at 3248
Non-finite gradient at 3250
Non-finite gradient at 3252
Non-finite gradient at 3254
Non-finite gradient at 3256
Non-finite gradient at 3258
Non-finite gradient at 3260
Non-finite gradient at 3262
Non-finite gradient at 3264
Non-finite gradient at 3266
Non-finite gradient at 3268
Non-finite gradient at 3270
Non-finite gradient at 3272
Non-finite gradient at 3274
Non-finite gradient at 3276
Non-finite gradient at 3278
Non-finite gradient at 3280
Non-finite gradient at 3282
Non-finite gradient at 3284
Non-finite gradient at 3286
Non-finite gradient at 3288
Non-finite gradient at 3290
Non-finite gradient at 3292
Non-finite gradient at 3294
Non-finite gradient at 3296
Non-finite gradient at 3298
Non-finite gradient at 3300
Non-finite gradient at 3302
Non-finite gradient at 3304
Non-finite gradient at 3306
Non-finite gradient at 3308
Non-finite gradient at 3310
Non-finite gradient at 3312
Non-finite gradient at 3314
Non-finite gradient at 3316
Non-finite gradient at 3318
Non-finite gradient at 3320
Non-finite gradient at 3322
Non-finite gradient at 3324
Non-finite gradient at 3326
Non-finite gradient at 3328
Non-finite gradient at 3330
Non-finite gradient at 3332
Non-finite gradient at 3334
Non-finite gradient at 3336
Non-finite gradient at 3338
Non-finite gradient at 3340
Non-finite gradient at 3342
Non-finite gradient at 3344
Non-finite gradient at 3346
Non-finite gradient at 3348
Non-finite gradient at 3350
Non-finite gradient at 3352
Non-finite gradient at 3354
Non-finite gradient at 3356
Non-finite gradient at 3358
Non-finite gradient at 3360
Non-finite gradient at 3362
Non-finite gradient at 3364
Non-finite gradient at 3366
Non-finite gradient at 3368
Non-finite gradient at 3370
Non-finite gradient at 3372
Non-finite gradient at 3374
Non-finite gradient at 3376
Non-finite gradient at 3378
Non-finite gradient at 3380
Non-finite gradient at 3382
Non-finite gradient at 3384
Non-finite gradient at 3386
Non-finite gradient at 3388
Non-finite gradient at 3390
Non-finite gradient at 3392
Non-finite gradient at 3394
Non-finite gradient at 3396
Non-finite gradient at 3398
Non-finite gradient at 3400
Non-finite gradient at 3402
Non-finite gradient at 3404
Non-finite gradient at 3406
Non-finite gradient at 3408
Non-finite gradient at 3410
Non-finite gradient at 3412
Non-finite gradient at 3414
Non-finite gradient at 3416
Non-finite gradient at 3418
Non-finite gradient at 3420
Non-finite gradient at 3422
Non-finite gradient at 3424
Non-finite gradient at 3426
Non-finite gradient at 3428
Non-finite gradient at 3430
Non-finite gradient at 3432
Non-finite gradient at 3434
Non-finite gradient at 3436
Non-finite gradient at 3438
Non-finite gradient at 3440
Non-finite gradient at 3442
Non-finite gradient at 3444
Non-finite gradient at 3446
Non-finite gradient at 3448
Non-finite gradient at 3450
Non-finite gradient at 3452
Non-finite gradient at 3454
Non-finite gradient at 3456
Non-finite gradient at 3458
Non-finite gradient at 3460
Non-finite gradient at 3462
Non-finite gradient at 3464
Non-finite gradient at 3466
Non-finite gradient at 3468
Non-finite gradient at 3470
Non-finite gradient at 3472
Non-finite gradient at 3474
Non-finite gradient at 3476
Non-finite gradient at 3478
Non-finite gradient at 3480
Non-finite gradient at 3482
Non-finite gradient at 3484
Non-finite gradient at 3486
Non-finite gradient at 3488
Non-finite gradient at 3490
Non-finite gradient at 3492
Non-finite gradient at 3494
Non-finite gradient at 3496
Non-finite gradient at 3498
Non-finite gradient at 3500
Non-finite gradient at 3502
Non-finite gradient at 3504
Non-finite gradient at 3506
Non-finite gradient at 3508
Non-finite gradient at 3510
Non-finite gradient at 3512
Non-finite gradient at 3514
Non-finite gradient at 3516
Non-finite gradient at 3518
Non-finite gradient at 3520
Non-finite gradient at 3522
Non-finite gradient at 3524
Non-finite gradient at 3526
Non-finite gradient at 3528
Non-finite gradient at 3530
Non-finite gradient at 3532
Non-finite gradient at 3534
Non-finite gradient at 3536
Non-finite gradient at 3538
Non-finite gradient at 3540
Non-finite gradient at 3542
Non-finite gradient at 3544
Non-finite gradient at 3546
Non-finite gradient at 3548
Non-finite gradient at 3550
Non-finite gradient at 3552
Non-finite gradient at 3554
Non-finite gradient at 3556
Non-finite gradient at 3558
Non-finite gradient at 3560
Non-finite gradient at 3562
Non-finite gradient at 3564
Non-finite gradient at 3566
Non-finite gradient at 3568
Non-finite gradient at 3570
Non-finite gradient at 3572
Non-finite gradient at 3574
Non-finite gradient at 3576
Non-finite gradient at 3578
Non-finite gradient at 3580
Non-finite gradient at 3582
Non-finite gradient at 3584
Non-finite gradient at 3586
Non-finite gradient at 3588
Non-finite gradient at 3590
Non-finite gradient at 3592
Non-finite gradient at 3594
Non-finite gradient at 3596
Non-finite gradient at 3598
Non-finite gradient at 3600
Non-finite gradient at 3602
Non-finite gradient at 3604
Non-finite gradient at 3606
Non-finite gradient at 3608
Non-finite gradient at 3610
Non-finite gradient at 3612
Non-finite gradient at 3614
Non-finite gradient at 3616
Non-finite gradient at 3618
Non-finite gradient at 3620
Non-finite gradient at 3622
Non-finite gradient at 3624
Non-finite gradient at 3626
Non-finite gradient at 3628
Non-finite gradient at 3630
Non-finite gradient at 3632
Non-finite gradient at 3634
Non-finite gradient at 3636
Non-finite gradient at 3638
Non-finite gradient at 3640
Non-finite gradient at 3642
Non-finite gradient at 3644
Non-finite gradient at 3646
Non-finite gradient at 3648
Non-finite gradient at 3650
Non-finite gradient at 3652
Non-finite gradient at 3654
Non-finite gradient at 3656
Non-finite gradient at 3658
Non-finite gradient at 3660
Non-finite gradient at 3662
Non-finite gradient at 3664
Non-finite gradient at 3666
Non-finite gradient at 3668
Non-finite gradient at 3670
Non-finite gradient at 3672
Non-finite gradient at 3674
Non-finite gradient at 3676
Non-finite gradient at 3678
Non-finite gradient at 3680
Non-finite gradient at 3682
Non-finite gradient at 3684
Non-finite gradient at 3686
Non-finite gradient at 3688
Non-finite gradient at 3690
Non-finite gradient at 3692
Non-finite gradient at 3694
Non-finite gradient at 3696
Non-finite gradient at 3698
Non-finite gradient at 3700
Non-finite gradient at 3702
Non-finite gradient at 3704
Non-finite gradient at 3706
Non-finite gradient at 3708
Non-finite gradient at 3710
Non-finite gradient at 3712
Non-finite gradient at 3714
Non-finite gradient at 3716
Non-finite gradient at 3718
Non-finite gradient at 3720
Non-finite gradient at 3722
Non-finite gradient at 3724
Non-finite gradient at 3726
Non-finite gradient at 3728
Non-finite gradient at 3730
Non-finite gradient at 3732
Non-finite gradient at 3734
Non-finite gradient at 3736
Non-finite gradient at 3738
Non-finite gradient at 3740
Non-finite gradient at 3742
Non-finite gradient at 3744
Non-finite gradient at 3746
Non-finite gradient at 3748
Non-finite gradient at 3750
Non-finite gradient at 3752
Non-finite gradient at 3754
Non-finite gradient at 3756
Non-finite gradient at 3758
Non-finite gradient at 3760
Non-finite gradient at 3762
Non-finite gradient at 3764
Non-finite gradient at 3766
Non-finite gradient at 3768
Non-finite gradient at 3770
Non-finite gradient at 3772
Non-finite gradient at 3774
Non-finite gradient at 3776
Non-finite gradient at 3778
Non-finite gradient at 3780
Non-finite gradient at 3782
Non-finite gradient at 3784
Non-finite gradient at 3786
Non-finite gradient at 3788
Non-finite gradient at 3790
Non-finite gradient at 3792
Non-finite gradient at 3794
Non-finite gradient at 3796
Non-finite gradient at 3798
Non-finite gradient at 3800
Non-finite gradient at 3802
Non-finite gradient at 3804
Non-finite gradient at 3806
Non-finite gradient at 3808
Non-finite gradient at 3810
Non-finite gradient at 3812
Non-finite gradient at 3814
Non-finite gradient at 3816
Non-finite gradient at 3818
Non-finite gradient at 3820
Non-finite gradient at 3822
Non-finite gradient at 3824
Non-finite gradient at 3826
Non-finite gradient at 3828
Non-finite gradient at 3830
Non-finite gradient at 3832
Non-finite gradient at 3834
Non-finite gradient at 3836
Non-finite gradient at 3838
Non-finite gradient at 3840
Non-finite gradient at 3842
Non-finite gradient at 3844
Non-finite gradient at 3846
Non-finite gradient at 3848
Non-finite gradient at 3850
Non-finite gradient at 3852
Non-finite gradient at 3854
Non-finite gradient at 3856
Non-finite gradient at 3858
Non-finite gradient at 3860
Non-finite gradient at 3862
Non-finite gradient at 3864
Non-finite gradient at 3866
Non-finite gradient at 3868
Non-finite gradient at 3870
Non-finite gradient at 3872
Non-finite gradient at 3874
Non-finite gradient at 3876
Non-finite gradient at 3878
Non-finite gradient at 3880
Non-finite gradient at 3882
Non-finite gradient at 3884
Non-finite gradient at 3886
Non-finite gradient at 3888
Non-finite gradient at 3890
Non-finite gradient at 3892
Non-finite gradient at 3894
Non-finite gradient at 3896
Non-finite gradient at 3898
Non-finite gradient at 3900
Non-finite gradient at 3902
Non-finite gradient at 3904
Non-finite gradient at 3906
Non-finite gradient at 3908
Non-finite gradient at 3910
Non-finite gradient at 3912
Non-finite gradient at 3914
Non-finite gradient at 3916
Non-finite gradient at 3918
Non-finite gradient at 3920
Non-finite gradient at 3922
Non-finite gradient at 3924
Non-finite gradient at 3926
Non-finite gradient at 3928
Non-finite gradient at 3930
Non-finite gradient at 3932
Non-finite gradient at 3934
Non-finite gradient at 3936
Non-finite gradient at 3938
Non-finite gradient at 3940
Non-finite gradient at 3942
Non-finite gradient at 3944
Non-finite gradient at 3946
Non-finite gradient at 3948
Non-finite gradient at 3950
Non-finite gradient at 3952
Non-finite gradient at 3954
Non-finite gradient at 3956
Non-finite gradient at 3958
Non-finite gradient at 3960
Non-finite gradient at 3962
Non-finite gradient at 3964
Non-finite gradient at 3966
Non-finite gradient at 3968
Non-finite gradient at 3970
Non-finite gradient at 3972
Non-finite gradient at 3974
Non-finite gradient at 3976
Non-finite gradient at 3978
Non-finite gradient at 3980
Non-finite gradient at 3982
Non-finite gradient at 3984
Non-finite gradient at 3986
Non-finite gradient at 3988
Non-finite gradient at 3990
Non-finite gradient at 3992
Non-finite gradient at 3994
Non-finite gradient at 3996
Non-finite gradient at 3998
Non-finite gradient at 4000
Non-finite gradient at 4002
Non-finite gradient at 4004
Non-finite gradient at 4006
Non-finite gradient at 4008
Non-finite gradient at 4010
Non-finite gradient at 4012
Non-finite gradient at 4014
Non-finite gradient at 4016
Non-finite gradient at 4018
Non-finite gradient at 4020
Non-finite gradient at 4022
Non-finite gradient at 4024
Non-finite gradient at 4026
Non-finite gradient at 4028
Non-finite gradient at 4030
Non-finite gradient at 4032
Non-finite gradient at 4034
Non-finite gradient at 4036
Non-finite gradient at 4038
Non-finite gradient at 4040
Non-finite gradient at 4042
Non-finite gradient at 4044
Non-finite gradient at 4046
Non-finite gradient at 4048
Non-finite gradient at 4050
Non-finite gradient at 4052
Non-finite gradient at 4054
Non-finite gradient at 4056
Non-finite gradient at 4058
Non-finite gradient at 4060
Non-finite gradient at 4062
Non-finite gradient at 4064
Non-finite gradient at 4066
Non-finite gradient at 4068
Non-finite gradient at 4070
Non-finite gradient at 4072
Non-finite gradient at 4074
Non-finite gradient at 4076
Non-finite gradient at 4078
Non-finite gradient at 4080
Non-finite gradient at 4082
Non-finite gradient at 4084
Non-finite gradient at 4086
Non-finite gradient at 4088
Non-finite gradient at 4090
Non-finite gradient at 4092
Non-finite gradient at 4094
Non-finite gradient at 4096
Non-finite gradient at 4098
Non-finite gradient at 4100
Non-finite gradient at 4102
Non-finite gradient at 4104
Non-finite gradient at 4106
Non-finite gradient at 4108
Non-finite gradient at 4110
Non-finite gradient at 4112
Non-finite gradient at 4114
Non-finite gradient at 4116
Non-finite gradient at 4118
Non-finite gradient at 4120
Non-finite gradient at 4122
Non-finite gradient at 4124
Non-finite gradient at 4126
Non-finite gradient at 4128
Non-finite gradient at 4130
Non-finite gradient at 4132
Non-finite gradient at 4134
Non-finite gradient at 4136
Non-finite gradient at 4138
Non-finite gradient at 4140
Non-finite gradient at 4142
Non-finite gradient at 4144
Non-finite gradient at 4146
Non-finite gradient at 4148
Non-finite gradient at 4150
Non-finite gradient at 4152
Non-finite gradient at 4154
Non-finite gradient at 4156
Non-finite gradient at 4158
Non-finite gradient at 4160
Non-finite gradient at 4162
Non-finite gradient at 4164
Non-finite gradient at 4166
Non-finite gradient at 4168
Non-finite gradient at 4170
Non-finite gradient at 4172
