GPU: 746 MiB used / 16303 MiB total, 15258 MiB free, 0% util
job: configs\shakeout_aug16\qm9_cond.yaml  [elj|500|10|512|6|1|0|2000|cuda]
projected need: 16815 MiB -- measured peak 14622 MiB for this exact config
room check: skipped: sole tenant and the projection is a declared CAP, not a measurement
  note    compute process not readable by this user: 25308, [Insufficient Permissions]
GPU preflight: CLEAR TO LAUNCH
config invariants:
  BASELINE conditional_z_settings_are_conditional: condition_log_z.half_life_visits=7 on a CONDITIONAL route; every battery that ran used 28 (qm9_aug11 / qm9_anchor_aug13 / qm9anchor_aug14, every conditional battery that ran). The canonical 7 is reasoned for a ONE-condition run, where 7 visits == 7 steps; across a large library a condition is revisited far more sparsely.
  BASELINE exit_bar_is_within_measured_range: stage 'var_conditioning' exit term 0 (fwd/logw_std_within) requires < 6, below the measured minimum 17.1 (qm9anchor_aug14, 6 arms, 4,348 ticks in var_conditioning, read 2026-08-16). No run in that battery came near it, so on that evidence the condition does not fire and any stage behind it is never entered. Three things this can mean: the bar wants raising, the exit block is vestigial and wants deleting (a stage terminal by design should not carry a gate that reads as live), or the run intends to reach a regime the measurement never saw.
resolve_derived_config (W=512, T=10): lr_policy=0.000125, lr_replay=0.000125, lr_back=0.000125, lr_fused=0.000125, gradient_norm_clip=37.88
grad_clip_guard: ON (guard mode) | p 0.99 (target fire rate 0.01) | eta 0.01 | warmup 100/branch (static) | cap 100x baseline | refresh_on_stage True | fallback bar 37.88
NOTE: no stage declares lr_sensor kind 'ray', so the ray_calibration block is inert (parameters only). It still supplies alphas/n_sub/period to any stage that opts in.
vram [baseline                    ] live        0 MiB | reserved        0 MiB | cached        0 MiB | peak reserved        0 MiB
vram [energy fn (MLIP loaded)     ] live        0 MiB | reserved        0 MiB | cached        0 MiB | peak reserved        0 MiB
Loading model weights only from checkpoint C:\Users\mikem\Projects\mxt_gfn\gfn_diffusion\energy_sampling\checkpoints/WARM_qm9_mle3k.pt - optimizers, buffers, and training state start fresh
lr_ctrl v8: calibration off | target alpha* 4.0 | eta up/down 0.25/0.5 | managed lr_back,lr_fused,lr_policy,lr_replay
vram [gfn model                   ] live       74 MiB | reserved      176 MiB | cached      102 MiB | peak reserved      176 MiB
vram [mol_dataset                 ] live       82 MiB | reserved      202 MiB | cached      120 MiB | peak reserved      202 MiB
Re-analyzing prior energies
dead-row probe: latent_to_cell_params confirms rows () are ignored for SG2 (n=8)
vram [prior_dataset (MLIP scan)   ] live       91 MiB | reserved     1382 MiB | cached     1291 MiB | peak reserved     7320 MiB
Seeded prior_buffer with 4880 prior-dataset samples (fresh loss records)
vram [buffers seeded              ] live      116 MiB | reserved     2648 MiB | cached     2532 MiB | peak reserved     7320 MiB
vram [READY TO TRAIN              ] live      116 MiB | reserved     2648 MiB | cached     2532 MiB | peak reserved     7320 MiB
vram: cuda_memory_fraction 0.9 x 16303 MiB = 14672 MiB hard cap; 12024 MiB of it left for training allocations
WARNING [stage 'train_prior']: no mode trains the flow (Z) head -- every branch is freeze_z, or its TB reads a detached persistent target with no emp_z/emp_z_persistent/z_level sidecar. log_Z will not move for this stage.
grad_clip_guard: calibrated -- bar 23.89 (lognormal p0.99 seed, geo-mean 17.02)
protocol: stage 'train_prior' -> 'var_conditioning'
lr_ctrl v8: calibration off | target alpha* 4.0 | eta up/down 0.25/0.5 | managed lr_back,lr_fused,lr_policy,lr_replay
protocol: optimizers rebuilt, LR re-warming over 1000 train steps
grad_clip_guard: refresh (stage train_prior -> var_conditioning) -- recalibrating over 100 steps/branch, holding [bwd=24.27]
rebuild_prior_by_churn: prior_buffer 4880 -> 62500 rows (target 62500, 15 churn cycles, 187500 rows of headroom left for churn)
protocol: lr_flow -> 0.0001 on entering 'var_conditioning'
protocol: stage 'var_conditioning' engaged (fwd 0.500 / bwd 0.5000 / replay 0.000, train_mode fused, bwd_sampling prior)
prior_buffer gate-staleness purge capped at 6250 of 13606 stale rows (62500 resident): Emin(c) is moving faster than expire_max_frac 0.1 allows -- the remainder expires over subsequent calls
replay buffer: management OFF under stage 'var_conditioning' -- nothing in it trains replay, draws from it, or probes it (replay_in_play)
prior_buffer gate-staleness purge capped at 5758 of 6827 stale rows (57585 resident): Emin(c) is moving faster than expire_max_frac 0.1 allows -- the remainder expires over subsequent calls
grad_clip_guard: calibrated -- bar 168.5 (lognormal p0.99 seed, geo-mean 63.48)
Non-finite gradient at 1052
Non-finite gradient at 1054
Non-finite gradient at 1056
Non-finite gradient at 1058
Non-finite gradient at 1060
Non-finite gradient at 1062
Non-finite gradient at 1064
Non-finite gradient at 1066
Non-finite gradient at 1068
Non-finite gradient at 1070
Non-finite gradient at 1072
Non-finite gradient at 1074
Non-finite gradient at 1076
Non-finite gradient at 1078
Non-finite gradient at 1080
Non-finite gradient at 1082
Non-finite gradient at 1084
Non-finite gradient at 1086
Non-finite gradient at 1088
Non-finite gradient at 1090
Non-finite gradient at 1092
Non-finite gradient at 1094
Non-finite gradient at 1096
Non-finite gradient at 1098
Non-finite gradient at 1100
Non-finite gradient at 1102
Non-finite gradient at 1104
Non-finite gradient at 1106
Non-finite gradient at 1108
Non-finite gradient at 1110
Non-finite gradient at 1112
Non-finite gradient at 1114
Non-finite gradient at 1116
Non-finite gradient at 1118
Non-finite gradient at 1120
Non-finite gradient at 1122
Non-finite gradient at 1124
Non-finite gradient at 1126
Non-finite gradient at 1128
Non-finite gradient at 1130
Non-finite gradient at 1132
Non-finite gradient at 1134
Non-finite gradient at 1136
Non-finite gradient at 1138
Non-finite gradient at 1140
Non-finite gradient at 1142
Non-finite gradient at 1144
Non-finite gradient at 1146
Non-finite gradient at 1148
Non-finite gradient at 1150
Non-finite gradient at 1152
Non-finite gradient at 1154
Non-finite gradient at 1156
Non-finite gradient at 1158
Non-finite gradient at 1160
Non-finite gradient at 1162
Non-finite gradient at 1164
Non-finite gradient at 1166
Non-finite gradient at 1168
Non-finite gradient at 1170
Non-finite gradient at 1172
Non-finite gradient at 1174
Non-finite gradient at 1176
Non-finite gradient at 1178
Non-finite gradient at 1180
Non-finite gradient at 1182
Non-finite gradient at 1184
Non-finite gradient at 1186
Non-finite gradient at 1188
Non-finite gradient at 1190
Non-finite gradient at 1192
Non-finite gradient at 1194
Non-finite gradient at 1196
Non-finite gradient at 1198
Non-finite gradient at 1200
Non-finite gradient at 1202
Non-finite gradient at 1204
Non-finite gradient at 1206
Non-finite gradient at 1208
Non-finite gradient at 1210
Non-finite gradient at 1212
Non-finite gradient at 1214
Non-finite gradient at 1216
Non-finite gradient at 1218
Non-finite gradient at 1220
Non-finite gradient at 1222
Non-finite gradient at 1224
Non-finite gradient at 1226
Non-finite gradient at 1228
Non-finite gradient at 1230
Non-finite gradient at 1232
Non-finite gradient at 1234
Non-finite gradient at 1236
Non-finite gradient at 1238
Non-finite gradient at 1240
Non-finite gradient at 1242
Non-finite gradient at 1244
Non-finite gradient at 1246
Non-finite gradient at 1248
Non-finite gradient at 1250
Non-finite gradient at 1252
Non-finite gradient at 1254
Non-finite gradient at 1256
Non-finite gradient at 1258
Non-finite gradient at 1260
Non-finite gradient at 1262
Non-finite gradient at 1264
Non-finite gradient at 1266
Non-finite gradient at 1268
Non-finite gradient at 1270
Non-finite gradient at 1272
Non-finite gradient at 1274
Non-finite gradient at 1276
Non-finite gradient at 1278
Non-finite gradient at 1280
Non-finite gradient at 1282
Non-finite gradient at 1284
Non-finite gradient at 1286
Non-finite gradient at 1288
Non-finite gradient at 1290
Non-finite gradient at 1292
Non-finite gradient at 1294
Non-finite gradient at 1296
Non-finite gradient at 1298
Non-finite gradient at 1300
Non-finite gradient at 1302
Non-finite gradient at 1304
Non-finite gradient at 1306
Non-finite gradient at 1308
Non-finite gradient at 1310
Non-finite gradient at 1312
Non-finite gradient at 1314
Non-finite gradient at 1316
Non-finite gradient at 1318
Non-finite gradient at 1320
Non-finite gradient at 1322
Non-finite gradient at 1324
Non-finite gradient at 1326
Non-finite gradient at 1328
Non-finite gradient at 1330
Non-finite gradient at 1332
Non-finite gradient at 1334
Non-finite gradient at 1336
Non-finite gradient at 1338
Non-finite gradient at 1340
Non-finite gradient at 1342
Non-finite gradient at 1344
Non-finite gradient at 1346
Non-finite gradient at 1348
Non-finite gradient at 1350
Non-finite gradient at 1352
Non-finite gradient at 1354
Non-finite gradient at 1356
Non-finite gradient at 1358
Non-finite gradient at 1360
Non-finite gradient at 1362
Non-finite gradient at 1364
Non-finite gradient at 1366
Non-finite gradient at 1368
Non-finite gradient at 1370
Non-finite gradient at 1372
Non-finite gradient at 1374
Non-finite gradient at 1376
Non-finite gradient at 1378
Non-finite gradient at 1380
Non-finite gradient at 1382
Non-finite gradient at 1384
Non-finite gradient at 1386
Non-finite gradient at 1388
Non-finite gradient at 1390
Non-finite gradient at 1392
Non-finite gradient at 1394
Non-finite gradient at 1396
Non-finite gradient at 1398
Non-finite gradient at 1400
Non-finite gradient at 1402
Non-finite gradient at 1404
Non-finite gradient at 1406
Non-finite gradient at 1408
Non-finite gradient at 1410
Non-finite gradient at 1412
Non-finite gradient at 1414
Non-finite gradient at 1416
Non-finite gradient at 1418
Non-finite gradient at 1420
Non-finite gradient at 1422
Non-finite gradient at 1424
Non-finite gradient at 1426
Non-finite gradient at 1428
Non-finite gradient at 1430
Non-finite gradient at 1432
Non-finite gradient at 1434
Non-finite gradient at 1436
Non-finite gradient at 1438
Non-finite gradient at 1440
Non-finite gradient at 1442
Non-finite gradient at 1444
Non-finite gradient at 1446
Non-finite gradient at 1448
Non-finite gradient at 1450
Non-finite gradient at 1452
Non-finite gradient at 1454
Non-finite gradient at 1456
Non-finite gradient at 1458
Non-finite gradient at 1460
Non-finite gradient at 1462
Non-finite gradient at 1464
Non-finite gradient at 1466
Non-finite gradient at 1468
Non-finite gradient at 1470
Non-finite gradient at 1472
Non-finite gradient at 1474
Non-finite gradient at 1476
Non-finite gradient at 1478
Non-finite gradient at 1480
Non-finite gradient at 1482
Non-finite gradient at 1484
Non-finite gradient at 1486
Non-finite gradient at 1488
Non-finite gradient at 1490
Non-finite gradient at 1492
Non-finite gradient at 1494
Non-finite gradient at 1496
Non-finite gradient at 1498
Non-finite gradient at 1500
Non-finite gradient at 1502
Non-finite gradient at 1504
Non-finite gradient at 1506
Non-finite gradient at 1508
Non-finite gradient at 1510
Non-finite gradient at 1512
Non-finite gradient at 1514
Non-finite gradient at 1516
Non-finite gradient at 1518
Non-finite gradient at 1520
Non-finite gradient at 1522
Non-finite gradient at 1524
Non-finite gradient at 1526
Non-finite gradient at 1528
Non-finite gradient at 1530
Non-finite gradient at 1532
Non-finite gradient at 1534
Non-finite gradient at 1536
Non-finite gradient at 1538
Non-finite gradient at 1540
Non-finite gradient at 1542
Non-finite gradient at 1544
Non-finite gradient at 1546
Non-finite gradient at 1548
Non-finite gradient at 1550
Non-finite gradient at 1552
Non-finite gradient at 1554
Non-finite gradient at 1556
Non-finite gradient at 1558
Non-finite gradient at 1560
Non-finite gradient at 1562
Non-finite gradient at 1564
Non-finite gradient at 1566
Non-finite gradient at 1568
Non-finite gradient at 1570
Non-finite gradient at 1572
Non-finite gradient at 1574
Non-finite gradient at 1576
Non-finite gradient at 1578
Non-finite gradient at 1580
Non-finite gradient at 1582
Non-finite gradient at 1584
Non-finite gradient at 1586
Non-finite gradient at 1588
Non-finite gradient at 1590
Non-finite gradient at 1592
Non-finite gradient at 1594
Non-finite gradient at 1596
Non-finite gradient at 1598
Non-finite gradient at 1600
Non-finite gradient at 1602
Non-finite gradient at 1604
Non-finite gradient at 1606
Non-finite gradient at 1608
Non-finite gradient at 1610
Non-finite gradient at 1612
Non-finite gradient at 1614
Non-finite gradient at 1616
Non-finite gradient at 1618
Non-finite gradient at 1620
Non-finite gradient at 1622
Non-finite gradient at 1624
Non-finite gradient at 1626
Non-finite gradient at 1628
Non-finite gradient at 1630
Non-finite gradient at 1632
Non-finite gradient at 1634
Non-finite gradient at 1636
Non-finite gradient at 1638
Non-finite gradient at 1640
Non-finite gradient at 1642
Non-finite gradient at 1644
Non-finite gradient at 1646
Non-finite gradient at 1648
Non-finite gradient at 1650
Non-finite gradient at 1652
Non-finite gradient at 1654
Non-finite gradient at 1656
Non-finite gradient at 1658
Non-finite gradient at 1660
Non-finite gradient at 1662
Non-finite gradient at 1664
Non-finite gradient at 1666
Non-finite gradient at 1668
Non-finite gradient at 1670
Non-finite gradient at 1672
Non-finite gradient at 1674
Non-finite gradient at 1676
Non-finite gradient at 1678
Non-finite gradient at 1680
Non-finite gradient at 1682
Non-finite gradient at 1684
Non-finite gradient at 1686
Non-finite gradient at 1688
Non-finite gradient at 1690
Non-finite gradient at 1692
Non-finite gradient at 1694
Non-finite gradient at 1696
Non-finite gradient at 1698
Non-finite gradient at 1700
Non-finite gradient at 1702
Non-finite gradient at 1704
Non-finite gradient at 1706
Non-finite gradient at 1708
Non-finite gradient at 1710
Non-finite gradient at 1712
Non-finite gradient at 1714
Non-finite gradient at 1716
Non-finite gradient at 1718
Non-finite gradient at 1720
Non-finite gradient at 1722
Non-finite gradient at 1724
Non-finite gradient at 1726
Non-finite gradient at 1728
Non-finite gradient at 1730
Non-finite gradient at 1732
Non-finite gradient at 1734
Non-finite gradient at 1736
Non-finite gradient at 1738
Non-finite gradient at 1740
Non-finite gradient at 1742
Non-finite gradient at 1744
Non-finite gradient at 1746
Non-finite gradient at 1748
Non-finite gradient at 1750
Non-finite gradient at 1752
Non-finite gradient at 1754
Non-finite gradient at 1756
Non-finite gradient at 1758
Non-finite gradient at 1760
Non-finite gradient at 1762
Non-finite gradient at 1764
Non-finite gradient at 1766
Non-finite gradient at 1768
Non-finite gradient at 1770
Non-finite gradient at 1772
Non-finite gradient at 1774
Non-finite gradient at 1776
Non-finite gradient at 1778
Non-finite gradient at 1780
Non-finite gradient at 1782
Non-finite gradient at 1784
Non-finite gradient at 1786
Non-finite gradient at 1788
Non-finite gradient at 1790
Non-finite gradient at 1792
Non-finite gradient at 1794
Non-finite gradient at 1796
Non-finite gradient at 1798
Non-finite gradient at 1800
Non-finite gradient at 1802
Non-finite gradient at 1804
Non-finite gradient at 1806
Non-finite gradient at 1808
Non-finite gradient at 1810
Non-finite gradient at 1812
Non-finite gradient at 1814
Non-finite gradient at 1816
Non-finite gradient at 1818
Non-finite gradient at 1820
Non-finite gradient at 1822
Non-finite gradient at 1824
Non-finite gradient at 1826
Non-finite gradient at 1828
Non-finite gradient at 1830
Non-finite gradient at 1832
Non-finite gradient at 1834
Non-finite gradient at 1836
Non-finite gradient at 1838
Non-finite gradient at 1840
Non-finite gradient at 1842
Non-finite gradient at 1844
Non-finite gradient at 1846
Non-finite gradient at 1848
Non-finite gradient at 1850
Non-finite gradient at 1852
Non-finite gradient at 1854
Non-finite gradient at 1856
Non-finite gradient at 1858
Non-finite gradient at 1860
Non-finite gradient at 1862
Non-finite gradient at 1864
Non-finite gradient at 1866
Non-finite gradient at 1868
Non-finite gradient at 1870
Non-finite gradient at 1872
