GPU: 630 MiB used / 16303 MiB total, 15374 MiB free, 0% util
job: configs\shakeout_aug16\qm9_cond.yaml  [elj|500|10|512|6|1|0|2000|cuda]
projected need: 16815 MiB -- measured peak 14622 MiB for this exact config
room check: skipped: sole tenant and the projection is a declared CAP, not a measurement
  note    compute process not readable by this user: 25308, [Insufficient Permissions]
GPU preflight: CLEAR TO LAUNCH
config invariants:
  BASELINE conditional_z_settings_are_conditional: condition_log_z.half_life_visits=7 on a CONDITIONAL route; every battery that ran used 28 (qm9_aug11 / qm9_anchor_aug13 / qm9anchor_aug14, every conditional battery that ran). The canonical 7 is reasoned for a ONE-condition run, where 7 visits == 7 steps; across a large library a condition is revisited far more sparsely.
  BASELINE exit_bar_is_within_measured_range: stage 'var_conditioning' exit term 0 (fwd/logw_std_within) requires < 6, below the measured minimum 17.1 (qm9anchor_aug14, 6 arms, 4,348 ticks in var_conditioning, read 2026-08-16). No run in that battery came near it, so on that evidence the condition does not fire and any stage behind it is never entered. Three things this can mean: the bar wants raising, the exit block is vestigial and wants deleting (a stage terminal by design should not carry a gate that reads as live), or the run intends to reach a regime the measurement never saw.
resolve_derived_config (W=512, T=10): lr_policy=0.000125, lr_replay=0.000125, lr_back=0.000125, lr_fused=0.000125, gradient_norm_clip=37.88
grad_clip_guard: ON (guard mode) | p 0.99 (target fire rate 0.01) | eta 0.01 | warmup 100/branch (static) | cap 100x baseline | refresh_on_stage True | fallback bar 37.88
NOTE: no stage declares lr_sensor kind 'ray', so the ray_calibration block is inert (parameters only). It still supplies alphas/n_sub/period to any stage that opts in.
vram [baseline                    ] live        0 MiB | reserved        0 MiB | cached        0 MiB | peak reserved        0 MiB
vram [energy fn (MLIP loaded)     ] live        0 MiB | reserved        0 MiB | cached        0 MiB | peak reserved        0 MiB
Loading model weights only from checkpoint C:\Users\mikem\Projects\mxt_gfn\gfn_diffusion\energy_sampling\checkpoints/WARM_qm9_mle3k.pt - optimizers, buffers, and training state start fresh
lr_ctrl v8: calibration off | target alpha* 4.0 | eta up/down 0.25/0.5 | managed lr_back,lr_fused,lr_policy,lr_replay
vram [gfn model                   ] live       74 MiB | reserved      176 MiB | cached      102 MiB | peak reserved      176 MiB
vram [mol_dataset                 ] live       82 MiB | reserved      202 MiB | cached      120 MiB | peak reserved      202 MiB
Re-analyzing prior energies
dead-row probe: latent_to_cell_params confirms rows () are ignored for SG2 (n=8)
vram [prior_dataset (MLIP scan)   ] live       91 MiB | reserved     1382 MiB | cached     1291 MiB | peak reserved     7320 MiB
Seeded prior_buffer with 4880 prior-dataset samples (fresh loss records)
vram [buffers seeded              ] live      116 MiB | reserved     2648 MiB | cached     2532 MiB | peak reserved     7320 MiB
vram [READY TO TRAIN              ] live      116 MiB | reserved     2648 MiB | cached     2532 MiB | peak reserved     7320 MiB
vram: cuda_memory_fraction 0.9 x 16303 MiB = 14672 MiB hard cap; 12024 MiB of it left for training allocations
WARNING [stage 'train_prior']: no mode trains the flow (Z) head -- every branch is freeze_z, or its TB reads a detached persistent target with no emp_z/emp_z_persistent/z_level sidecar. log_Z will not move for this stage.
grad_clip_guard: calibrated -- bar 23.89 (lognormal p0.99 seed, geo-mean 17.02)
protocol: stage 'train_prior' -> 'var_conditioning'
lr_ctrl v8: calibration off | target alpha* 4.0 | eta up/down 0.25/0.5 | managed lr_back,lr_fused,lr_policy,lr_replay
protocol: optimizers rebuilt, LR re-warming over 1000 train steps
grad_clip_guard: refresh (stage train_prior -> var_conditioning) -- recalibrating over 100 steps/branch, holding [bwd=24.27]
rebuild_prior_by_churn: prior_buffer 4880 -> 62500 rows (target 62500, 15 churn cycles, 187500 rows of headroom left for churn)
protocol: lr_flow -> 0.0001 on entering 'var_conditioning'
protocol: stage 'var_conditioning' engaged (fwd 0.500 / bwd 0.5000 / replay 0.000, train_mode fused, bwd_sampling prior)
prior_buffer gate-staleness purge capped at 6250 of 13605 stale rows (62500 resident): Emin(c) is moving faster than expire_max_frac 0.1 allows -- the remainder expires over subsequent calls
replay buffer: management OFF under stage 'var_conditioning' -- nothing in it trains replay, draws from it, or probes it (replay_in_play)
prior_buffer gate-staleness purge capped at 5758 of 6826 stale rows (57585 resident): Emin(c) is moving faster than expire_max_frac 0.1 allows -- the remainder expires over subsequent calls
grad_clip_guard: calibrated -- bar 162 (lognormal p0.99 seed, geo-mean 60.32)
Non-finite gradient at 1022
Non-finite gradient at 1024
Non-finite gradient at 1026
Non-finite gradient at 1028
Non-finite gradient at 1030
Non-finite gradient at 1032
Non-finite gradient at 1034
Non-finite gradient at 1036
Non-finite gradient at 1038
Non-finite gradient at 1040
Non-finite gradient at 1042
Non-finite gradient at 1044
Non-finite gradient at 1046
Non-finite gradient at 1048
Non-finite gradient at 1050
Non-finite gradient at 1052
Non-finite gradient at 1054
Non-finite gradient at 1056
Non-finite gradient at 1058
Non-finite gradient at 1060
Non-finite gradient at 1062
Non-finite gradient at 1064
Non-finite gradient at 1066
Non-finite gradient at 1068
Non-finite gradient at 1070
Non-finite gradient at 1072
Non-finite gradient at 1074
Non-finite gradient at 1076
Non-finite gradient at 1078
Non-finite gradient at 1080
Non-finite gradient at 1082
Non-finite gradient at 1084
Non-finite gradient at 1086
Non-finite gradient at 1088
Non-finite gradient at 1090
Non-finite gradient at 1092
Non-finite gradient at 1094
Non-finite gradient at 1096
Non-finite gradient at 1098
Non-finite gradient at 1100
Non-finite gradient at 1102
Non-finite gradient at 1104
Non-finite gradient at 1106
Non-finite gradient at 1108
Non-finite gradient at 1110
Non-finite gradient at 1112
Non-finite gradient at 1114
Non-finite gradient at 1116
Non-finite gradient at 1118
Non-finite gradient at 1120
