
==============================================================
ARM a_baseline   MXT_VECTORISED_ATOMICDATA=0   01:23:55
==============================================================
clear: 14848 MB free, util 0%
a_baseline exit=0  (02:17:11)  log: configs/umaperf0812/logs/a_baseline.log
  0%|          | 1/401 [00:00<01:55,  3.48it/s]  0%|          | 2/401 [00:00<01:16,  5.19it/s]  1%|          | 3/401 [00:00<01:04,  6.20it/s]  1%|         
protocol: stage 'equilibration' engaged (fwd 0.050 / bwd 0.4500 / replay 0.500, train_mode fused, bwd_sampling prior)

==============================================================
ARM b_optimised   MXT_VECTORISED_ATOMICDATA=1   02:17:11
==============================================================
clear: 14827 MB free, util 0%
b_optimised exit=0  (02:50:31)  log: configs/umaperf0812/logs/b_optimised.log
  0%|          | 1/401 [00:00<02:05,  3.18it/s]  0%|          | 2/401 [00:00<01:26,  4.63it/s]  1%|          | 3/401 [00:00<01:09,  5.69it/s]  1%|         
protocol: stage 'train_prior' -> 'equilibration'
protocol: stage 'equilibration' engaged (fwd 0.050 / bwd 0.4500 / replay 0.500, train_mode fused, bwd_sampling prior)

==============================================================
ARM c_controller   MXT_VECTORISED_ATOMICDATA=1   02:50:31
==============================================================
clear: 14827 MB free, util 0%
c_controller exit=124  (03:50:32)  log: configs/umaperf0812/logs/c_controller.log
  0%|          | 1/401 [00:00<01:57,  3.40it/s]  0%|          | 2/401 [00:00<01:18,  5.07it/s]  1%|          | 3/401 [00:00<01:07,  5.92it/s]  1%|         
protocol: stage 'train_prior' -> 'equilibration'
protocol: stage 'equilibration' engaged (fwd 0.050 / bwd 0.4500 / replay 0.500, train_mode fused, bwd_sampling prior)
  3%|2         | 11/401 [01:13<2:23:55, 22.14s/it]  3%|2         | 12/401 [01:14<1:41:38, 15.68s/it]  3%|3         | 13/401 [01:15<1:12:22, 11.19s/it]  3%|
 15%|#5        | 61/401 [02:49<20:52,  3.69s/it] 15%|#5        | 62/401 [02:51<16:40,  2.95s/it] 16%|#5        | 63/401 [02:52<13:40,  2.43s/it] 16%|#5    
 28%|##7       | 111/401 [06:08<21:26,  4.44s/it] 28%|##7       | 112/401 [06:09<17:13,  3.58s/it] 28%|##8       | 113/401 [06:11<14:10,  2.95s/it] 28%|##8
 40%|####      | 161/401 [11:43<24:19,  6.08s/it] 40%|####      | 162/401 [11:46<19:47,  4.97s/it] 41%|####      | 163/401 [12:22<56:37, 14.28s/it] 41%|###

all arms done 03:50:32 -- analyse with configs/umaperf0812/analyse.py
