resolve_derived_config (W=256, T=40): lr_policy=6.25e-05, lr_replay=6.25e-05, lr_back=6.25e-05, lr_fused=3.125e-05, gradient_norm_clip=243.6, adaptive_lr.cut_grad_abs=7309, adaptive_lr.reset_grad_abs=7.309e+04, adaptive_lr.reset_loss_abs=2.5e+04
Re-analyzing prior energies
Seeded prior_buffer with 100800 prior-dataset samples (fresh loss records)
protocol: stage 'train_prior' -> 'anchor_seed'
protocol: optimizers rebuilt, LR re-warming over 1000 train steps
metropolis_reheat: 200 sweeps (burn 100), 90000 chains | accept 0.30 (min 0.05) | sigma mean 0.027 [0.012, 0.099] | terminal excursion/kT mean 3.97 max 20.90 | latent drift max 0.779
seed_prior_from_anchors (flush): prior_buffer 100800 -> 90000 rows (100 noised best-anchor copies x 900 conditions, minus non-finite rescores)
protocol: stage 'anchor_seed' engaged (fwd 0.000 / bwd 1.0000 / replay 0.000, train_mode bwd, bwd_sampling prior)
protocol: stage 'anchor_seed' -> 'z_match'
protocol: optimizers rebuilt, LR re-warming over 1000 train steps
protocol: stage 'z_match' engaged (fwd 0.500 / bwd 0.4990 / replay 0.001, train_mode fused, bwd_sampling prior)
protocol: stage 'z_match' -> 'buildout'
protocol: optimizers rebuilt, LR re-warming over 1000 train steps
rebuild_prior_by_churn: prior_buffer 90000 -> 62500 rows (target 62500, 9 churn cycles, 187500 rows of headroom left for churn)
protocol: stage 'buildout' engaged (fwd 0.799 / bwd 0.0010 / replay 0.200, train_mode fused, bwd_sampling prior)
TERMINAL policy state at step 8270: fwd/box_violation=1.023 (bound 1) -- rewinding to best and ratcheting LR down
Firing LR spike & recovery (TERMINAL rewind #1)
lr_ctrl: cut factor -> 0.5
lr_ctrl tripwire FIRED [cut]: grad_norm value 4.336e+04 >= bar 7309 (absolute), fire #1 on this channel (step 8280)
Firing LR cut (thrash tier -- no rewind)
lr_ctrl: cut factor -> 0.25
protocol: stage 'buildout' -> 'terminal'
protocol: optimizers rebuilt, LR re-warming over 1000 train steps
protocol: stage 'terminal' engaged (fwd 0.946 / bwd 0.0010 / replay 0.053, train_mode fused, bwd_sampling prior)
TERMINAL policy state at step 10040: fwd/box_violation=1.224 (bound 1) -- rewinding to best and ratcheting LR down
Firing LR spike & recovery (TERMINAL rewind #2)
lr_ctrl: cut factor -> 0.25
lr_ctrl tripwire FIRED [reset]: grad_norm value 8.089e+04 >= bar 7.309e+04 (absolute), fire #2 on this channel (step 10050)
Firing LR spike & recovery
lr_ctrl: cut factor -> 0.125
lr_ctrl tripwire FIRED [cut]: grad_norm value 1.314e+04 >= bar 7309 (absolute), fire #3 on this channel (step 10560)
Firing LR cut (thrash tier -- no rewind)
lr_ctrl: cut factor -> 0.0625
lr_ctrl tripwire FIRED [cut]: grad_norm value 1.263e+04 >= bar 7309 (absolute), fire #4 on this channel (step 14440)
Firing LR cut (thrash tier -- no rewind)
lr_ctrl: cut factor -> 0.04803
